###############################################################################
#
# IAR ELF Linker V8.11.2.13589/W32 for ARM                06/Aug/2024  12:56:34
# Copyright 2007-2017 IAR Systems AB.
#
#    Output file  =  
#        C:\Users\Pz\Desktop\Education
#        STM_C-C++\0_Testing\CMSIS_learning_3_UART_I2C\For the
#        video\Debug\Exe\Thermistor_temperature_via_UART.out
#    Map file     =  
#        C:\Users\Pz\Desktop\Education
#        STM_C-C++\0_Testing\CMSIS_learning_3_UART_I2C\For the
#        video\Debug\List\Thermistor_temperature_via_UART.map
#    Command line =  
#        -f C:\Users\Pz\AppData\Local\Temp\EW6DC5.tmp
#        ("C:\Users\Pz\Desktop\Education
#        STM_C-C++\0_Testing\CMSIS_learning_3_UART_I2C\For the
#        video\Debug\Obj\main.o" "C:\Users\Pz\Desktop\Education
#        STM_C-C++\0_Testing\CMSIS_learning_3_UART_I2C\For the
#        video\Debug\Obj\startup_stm32f103xb.o" "C:\Users\Pz\Desktop\Education
#        STM_C-C++\0_Testing\CMSIS_learning_3_UART_I2C\For the
#        video\Debug\Obj\system_stm32f1xx.o" -o "C:\Users\Pz\Desktop\Education
#        STM_C-C++\0_Testing\CMSIS_learning_3_UART_I2C\For the
#        video\Debug\Exe\Thermistor_temperature_via_UART.out" --redirect
#        _Printf=_PrintfFullNoMb --redirect _Scanf=_ScanfFullNoMb --map
#        "C:\Users\Pz\Desktop\Education
#        STM_C-C++\0_Testing\CMSIS_learning_3_UART_I2C\For the
#        video\Debug\List\Thermistor_temperature_via_UART.map" --config
#        "C:\Program Files (x86)\IAR Systems\Embedded Workbench
#        8.0\arm\config\linker\ST\stm32f103x8.icf" --semihosting --entry
#        __iar_program_start --vfe --text_out locale)
#
###############################################################################

*******************************************************************************
*** RUNTIME MODEL ATTRIBUTES
***

CppFlavor       = *
__SystemLibrary = DLib
__dlib_version  = 6


*******************************************************************************
*** HEAP SELECTION
***

The basic heap was selected because no calls to memory allocation
functions were found in the application outside of system library
functions, and there are calls to deallocation functions in the
application.


*******************************************************************************
*** PLACEMENT SUMMARY
***

"A0":  place at 0x08000000 { ro section .intvec };
"P1":  place in [from 0x08000000 to 0x0800ffff] { ro };
define block CSTACK with size = 2K, alignment = 8 { };
define block HEAP with size = 2K, alignment = 8 { };
"P2":  place in [from 0x20000000 to 0x20004fff] {
          rw, block CSTACK, block HEAP };
initialize by copy { rw };

  Section            Kind        Address   Size  Object
  -------            ----        -------   ----  ------
"A0":                                      0xec
  .intvec            ro code  0x08000000   0xec  startup_stm32f103xb.o [1]
                            - 0x080000ec   0xec

"P1":                                     0xbfd
  .text              ro code  0x080000ec  0x824  main.o [1]
  .text              ro code  0x08000910   0x7a  lz77_init_single.o [4]
  .text              ro code  0x0800098c   0x68  system_stm32f1xx.o [1]
  .text              ro code  0x080009f4   0x28  data_init.o [4]
  .iar.init_table    const    0x08000a1c   0x10  - Linker created -
  .text              ro code  0x08000a2c   0x1a  cmain.o [4]
  .text              ro code  0x08000a46    0x4  low_level_init.o [3]
  .text              ro code  0x08000a4a    0x4  exit.o [3]
  .text              ro code  0x08000a50    0xa  cexit.o [4]
  .text              ro code  0x08000a5c   0x14  exit.o [5]
  .text              ro code  0x08000a70   0x10  startup_stm32f103xb.o [1]
  .text              ro code  0x08000a80    0xc  cstartup_M.o [4]
  .text              ro code  0x08000a8c    0x4  startup_stm32f103xb.o [1]
  .text              ro code  0x08000a90    0x4  startup_stm32f103xb.o [1]
  .text              ro code  0x08000a94    0x4  startup_stm32f103xb.o [1]
  .text              ro code  0x08000a98    0x4  startup_stm32f103xb.o [1]
  .text              ro code  0x08000a9c    0x4  startup_stm32f103xb.o [1]
  .text              ro code  0x08000aa0    0x4  startup_stm32f103xb.o [1]
  .text              ro code  0x08000aa4    0x4  startup_stm32f103xb.o [1]
  .text              ro code  0x08000aa8    0x4  startup_stm32f103xb.o [1]
  .text              ro code  0x08000aac    0x4  startup_stm32f103xb.o [1]
  .text              ro code  0x08000ab0    0x4  startup_stm32f103xb.o [1]
  .text              ro code  0x08000ab4    0x4  startup_stm32f103xb.o [1]
  .text              ro code  0x08000ab8    0x4  startup_stm32f103xb.o [1]
  .text              ro code  0x08000abc    0x4  startup_stm32f103xb.o [1]
  .text              ro code  0x08000ac0    0x4  startup_stm32f103xb.o [1]
  .text              ro code  0x08000ac4    0x4  startup_stm32f103xb.o [1]
  .text              ro code  0x08000ac8    0x4  startup_stm32f103xb.o [1]
  .text              ro code  0x08000acc    0x4  startup_stm32f103xb.o [1]
  .text              ro code  0x08000ad0    0x4  startup_stm32f103xb.o [1]
  .text              ro code  0x08000ad4    0x4  startup_stm32f103xb.o [1]
  .text              ro code  0x08000ad8    0x4  startup_stm32f103xb.o [1]
  .text              ro code  0x08000adc    0x4  startup_stm32f103xb.o [1]
  .text              ro code  0x08000ae0    0x4  startup_stm32f103xb.o [1]
  .text              ro code  0x08000ae4    0x4  startup_stm32f103xb.o [1]
  .text              ro code  0x08000ae8    0x4  startup_stm32f103xb.o [1]
  .text              ro code  0x08000aec    0x4  startup_stm32f103xb.o [1]
  .text              ro code  0x08000af0    0x4  startup_stm32f103xb.o [1]
  .text              ro code  0x08000af4    0x4  startup_stm32f103xb.o [1]
  .text              ro code  0x08000af8    0x4  startup_stm32f103xb.o [1]
  .text              ro code  0x08000afc    0x4  startup_stm32f103xb.o [1]
  .text              ro code  0x08000b00    0x4  startup_stm32f103xb.o [1]
  .text              ro code  0x08000b04    0x4  startup_stm32f103xb.o [1]
  .text              ro code  0x08000b08    0x4  startup_stm32f103xb.o [1]
  .text              ro code  0x08000b0c    0x4  startup_stm32f103xb.o [1]
  .text              ro code  0x08000b10    0x4  startup_stm32f103xb.o [1]
  .text              ro code  0x08000b14    0x4  startup_stm32f103xb.o [1]
  .text              ro code  0x08000b18    0x4  startup_stm32f103xb.o [1]
  .text              ro code  0x08000b1c    0x4  startup_stm32f103xb.o [1]
  .text              ro code  0x08000b20    0x4  startup_stm32f103xb.o [1]
  .text              ro code  0x08000b24    0x4  startup_stm32f103xb.o [1]
  .text              ro code  0x08000b28    0x4  startup_stm32f103xb.o [1]
  .text              ro code  0x08000b2c    0x4  startup_stm32f103xb.o [1]
  .text              ro code  0x08000b30    0x4  startup_stm32f103xb.o [1]
  .text              ro code  0x08000b34    0x4  startup_stm32f103xb.o [1]
  .text              ro code  0x08000b38    0x4  startup_stm32f103xb.o [1]
  .text              ro code  0x08000b3c    0x4  startup_stm32f103xb.o [1]
  .text              ro code  0x08000b40    0x4  startup_stm32f103xb.o [1]
  .text              ro code  0x08000b44    0x4  startup_stm32f103xb.o [1]
  .text              ro code  0x08000b48    0x4  startup_stm32f103xb.o [1]
  .text              ro code  0x08000b4c    0x4  startup_stm32f103xb.o [1]
  .text              ro code  0x08000b50    0x4  startup_stm32f103xb.o [1]
  .rodata            const    0x08000b54    0x0  lz77_init_single.o [4]
  Initializer bytes  const    0x08000b54  0x195  <for P2-1>
                            - 0x08000ce9  0xbfd

"P2", part 1 of 2:                        0x21c
  P2-1                        0x20000000  0x21c  <Init block>
    .data            inited   0x20000000  0x200  main.o [1]
    .data            inited   0x20000200    0xc  main.o [1]
    .bss             inited   0x2000020c    0x4  main.o [1]
    .bss             inited   0x20000210    0x4  main.o [1]
    .bss             inited   0x20000214    0x4  main.o [1]
    .bss             inited   0x20000218    0x2  main.o [1]
    .data            inited   0x2000021a    0x1  main.o [1]
    .bss             inited   0x2000021b    0x1  main.o [1]
                            - 0x2000021c  0x21c

"P2", part 2 of 2:                        0x800
  CSTACK                      0x20000220  0x800  <Block>
    CSTACK           uninit   0x20000220  0x800  <Block tail>
                            - 0x20000a20  0x800


*******************************************************************************
*** INIT TABLE
***

          Address     Size
          -------     ----
Copy/lz77 (__iar_lz77_init_single3)
    1 source range, total size 0x195 (75% of destination):
          0x08000b54  0x195
    1 destination range, total size 0x21c:
          0x20000000  0x21c



*******************************************************************************
*** MODULE SUMMARY
***

    Module                 ro code  ro data  rw data
    ------                 -------  -------  -------
C:\Users\Pz\Desktop\Education STM_C-C++\0_Testing\CMSIS_learning_3_UART_I2C\For the video\Debug\Obj: [1]
    main.o                   2 084      405      540
    startup_stm32f103xb.o      452
    system_stm32f1xx.o         104
    ------------------------------------------------
    Total:                   2 640      405      540

command line: [2]
    ------------------------------------------------
    Total:

dl7M_tln.a: [3]
    exit.o                       4
    low_level_init.o             4
    ------------------------------------------------
    Total:                       8

rt7M_tl.a: [4]
    cexit.o                     10
    cmain.o                     26
    cstartup_M.o                12
    data_init.o                 40
    lz77_init_single.o         122
    ------------------------------------------------
    Total:                     210

shb_l.a: [5]
    exit.o                      20
    ------------------------------------------------
    Total:                      20

    Gaps                         6
    Linker created                       16    2 048
----------------------------------------------------
    Grand Total:             2 884      421    2 588


*******************************************************************************
*** ENTRY LIST
***

Entry                      Address   Size  Type      Object
-----                      -------   ----  ----      ------
.iar.init_table$$Base   0x08000a1c          --   Gb  - Linker created -
.iar.init_table$$Limit  0x08000a2c          --   Gb  - Linker created -
?main                   0x08000a2d         Code  Gb  cmain.o [4]
ADC1_2_IRQHandler       0x08000135   0x18  Code  Gb  main.o [1]
ADC2_Config             0x0800057d   0xe4  Code  Gb  main.o [1]
ADC2_Result             0x2000020c    0x4  Data  Gb  main.o [1]
ADC2_Start              0x08000661   0x1a  Code  Gb  main.o [1]
CSTACK$$Base            0x20000220          --   Gb  - Linker created -
CSTACK$$Limit           0x20000a20          --   Gb  - Linker created -
Get_I2C2_temperature_from_the_LM75_sensor
                        0x08000701   0xae  Code  Gb  main.o [1]
I2C2_Config             0x0800067b   0x86  Code  Gb  main.o [1]
I2C2_temperature        0x20000218    0x2  Data  Gb  main.o [1]
Region$$Table$$Base     0x08000a1c          --   Gb  - Linker created -
Region$$Table$$Limit    0x08000a2c          --   Gb  - Linker created -
SystemInit              0x0800098d   0x4e  Code  Gb  system_stm32f1xx.o [1]
System_Clock_Config     0x080004cd   0xb0  Code  Gb  main.o [1]
UART2_Config            0x080007af   0xba  Code  Gb  main.o [1]
UART2_Flag              0x2000021a    0x1  Data  Gb  main.o [1]
UART2_Send_Char         0x08000869   0x10  Code  Gb  main.o [1]
USART2_IRQHandler       0x0800014d   0x30  Code  Gb  main.o [1]
__NVIC_EnableIRQ        0x080000ed   0x1e  Code  Lc  main.o [1]
__NVIC_SetPriority      0x0800010b   0x2a  Code  Lc  main.o [1]
__cmain                 0x08000a2d         Code  Gb  cmain.o [4]
__exit                  0x08000a5d   0x14  Code  Gb  exit.o [5]
__iar_data_init3        0x080009f5   0x28  Code  Gb  data_init.o [4]
__iar_lz77_init_single3
                        0x08000911   0x7a  Code  Gb  lz77_init_single.o [4]
__iar_program_start     0x08000a81         Code  Gb  cstartup_M.o [4]
__iar_systems$$module {Abs}
                        0x00000001         Data  Gb  command line/config [2]
__low_level_init        0x08000a47    0x4  Code  Gb  low_level_init.o [3]
__vector_table          0x08000000         Data  Gb  startup_stm32f103xb.o [1]
_call_main              0x08000a39         Code  Gb  cmain.o [4]
_exit                   0x08000a51         Code  Gb  cexit.o [4]
_main                   0x08000a43         Code  Gb  cmain.o [4]
difference              0x20000214    0x4  Data  Gb  main.o [1]
exit                    0x08000a4b    0x4  Code  Gb  exit.o [3]
main                    0x0800017d  0x350  Code  Gb  main.o [1]
number_symbols          0x20000200    0xc  Data  Gb  main.o [1]
temperature_array       0x20000000  0x200  Data  Gb  main.o [1]
temperature_discharge   0x20000210    0x4  Data  Gb  main.o [1]
user_delay              0x08000909    0x8  Code  Gb  main.o [1]
value_number            0x2000021b    0x1  Data  Gb  main.o [1]


[1] = C:\Users\Pz\Desktop\Education STM_C-C++\0_Testing\CMSIS_learning_3_UART_I2C\For the video\Debug\Obj
[2] = command line
[3] = dl7M_tln.a
[4] = rt7M_tl.a
[5] = shb_l.a

  2 884 bytes of readonly  code memory
    421 bytes of readonly  data memory
  2 588 bytes of readwrite data memory

Errors: none
Warnings: none
